<testsuites name="jest tests" tests="4" failures="0" time="2.597">
  <testsuite name="undefined" errors="0" failures="0" skipped="0" timestamp="2022-03-30T11:07:03" time="2.597" tests="4">
    <testcase classname=" initial UI is rendered as expected" name=" initial UI is rendered as expected" time="0.042">
    </testcase>
    <testcase classname=" search is made on by clicking on search button and no results found" name=" search is made on by clicking on search button and no results found" time="0.033">
    </testcase>
    <testcase classname=" search is made on by clicking on search button and result found - test 1" name=" search is made on by clicking on search button and result found - test 1" time="0.017">
    </testcase>
    <testcase classname=" search is made on by clicking on search button and result found - test 2" name=" search is made on by clicking on search button and result found - test 2" time="0.017">
    </testcase>
  </testsuite>
</testsuites>